// Jest Snapshot v1, https://goo.gl/fbAQLP

exports[`runSshCommand should call execa with correct arguments and return stdout 1`] = `
Array [
  Array [
    "ssh",
    Array [
      "-p",
      "2020",
      "-i",
      "./identity/path",
      "-F",
      "/dev/null",
      "-o",
      "AddKeysToAgent=no",
      "-o",
      "IdentitiesOnly=yes",
      "lagoobernetes@localhost",
      "token",
    ],
  ],
]
`;
