// Jest Snapshot v1, https://goo.gl/fbAQLP

exports[`handler should show customer details 1`] = `
Array [
  Array [
    "Customer details for project 'some_project':",
  ],
  Array [
    "[38;2;132;132;132mName[39m                customer1
[38;2;132;132;132mComment[39m             Comment about customer1
[38;2;132;132;132mDeploy Private Key[39m  âˆš
[38;2;132;132;132mUsers[39m               0
[38;2;132;132;132mCreated[39m             Wed May 18 2011 00:00:00 GMT+0000 (UTC)",
  ],
]
`;

exports[`handler should show error message if GraphQL returns errors 1`] = `
Array [
  Array [
    "[31mOops! The Lagoobernetes API returned an error:[39m",
  ],
  Array [
    "[31mSomething, something missing parameter X[39m",
  ],
]
`;

exports[`handler should show message for non-existing projects 1`] = `
Array [
  Array [
    "[31mNo customer found for project 'some_project'![39m",
  ],
]
`;
