// Jest Snapshot v1, https://goo.gl/fbAQLP

exports[`getAllowedCustomersAndOpenshifts should return all customers and all openshifts 1`] = `
Object {
  "allCustomers": Array [
    Object {
      "name": "credentialtest-customer1",
      "value": 1,
    },
    Object {
      "name": "credentialtest-customer2",
      "value": 2,
    },
  ],
  "allOpenshifts": Array [
    Object {
      "name": "credentialtest-openshift",
      "value": 1,
    },
  ],
  "errors": undefined,
}
`;

exports[`handler should display error, if GraphQL response contains zero customers 1`] = `
Array [
  Array [
    "[31mNo authorized customers found![39m",
  ],
]
`;

exports[`handler should display error, if GraphQL response contains zero openshifts but one customer 1`] = `
Array [
  Array [
    "[31mNo authorized openshifts found![39m",
  ],
]
`;

exports[`handler should display error, if GraphQL sends error messages the first time it's called 1`] = `
Array [
  Array [
    "[31mOops! The Lagoobernetes API returned an error:[39m",
  ],
  Array [
    "[31msomething something error[39m",
  ],
]
`;

exports[`handler should display error, if GraphQL sends error messages the second time it's called 1`] = `
Array [
  Array [
    "[31mOops! The Lagoobernetes API returned an error:[39m",
  ],
  Array [
    "[31msomething something error 2[39m",
  ],
]
`;

exports[`handler should display table after successful project creation 1`] = `
Array [
  Array [
    "[34m![39m Set \\"customer\\" option to \\"1\\" from arguments or config",
  ],
  Array [
    "[34m![39m Set \\"name\\" option to \\"test-project\\" from arguments or config",
  ],
  Array [
    "[34m![39m Set \\"gitUrl\\" option to \\"ssh://git@172.17.0.1:2222/git/project1.git\\" from arguments or config",
  ],
  Array [
    "[34m![39m Set \\"openshift\\" option to \\"1\\" from arguments or config",
  ],
  Array [
    "[34m![39m Set \\"branches\\" option to \\"true\\" from arguments or config",
  ],
  Array [
    "[34m![39m Set \\"pullrequests\\" option to \\"true\\" from arguments or config",
  ],
  Array [
    "[34m![39m Set \\"productionEnvironment\\" option to \\"null\\" from arguments or config",
  ],
  Array [
    "[32mProject \\"test-project\\" created successfully:[39m",
  ],
  Array [
    "[38;2;132;132;132mName[39m                   test-project
[38;2;132;132;132mCustomer[39m               credentialtest-customer1
[38;2;132;132;132mGit URL[39m                ssh://git@172.17.0.1:2222/git/project1.git
[38;2;132;132;132mActive Systems Deploy[39m  lagoobernetes_openshiftBuildDeploy
[38;2;132;132;132mActive Systems Remove[39m  lagoobernetes_openshiftRemove
[38;2;132;132;132mBranches[39m               true
[38;2;132;132;132mPull Requests[39m          true
[38;2;132;132;132mOpenshift[39m              credentialtest-openshift
[38;2;132;132;132mCreated[39m                2018-03-05 10:26:22",
  ],
]
`;
